000 (064.000.000) 2025-07-03 22:45:39 Job submitted from host: <172.17.0.2:9618?addrs=172.17.0.2-9618&alias=f0eb0dfc26e2&noUDP&sock=schedd_18_eccb>
...
001 (064.000.000) 2025-07-03 22:45:47 Job executing on host: <172.17.0.2:9618?addrs=172.17.0.2-9618&alias=f0eb0dfc26e2&noUDP&sock=startd_18_eccb>
	SlotName: slot1_1@f0eb0dfc26e2
	CondorScratchDir = "/var/lib/condor/execute/dir_4214"
	Cpus = 1
	Disk = 2048
	GPUs = 0
	Memory = 128
...
006 (064.000.000) 2025-07-03 22:45:47 Image size of job updated: 17
	0  -  MemoryUsage of job (MB)
	0  -  ResidentSetSize of job (KB)
...
005 (064.000.000) 2025-07-03 22:45:47 Job terminated.
	(1) Normal termination (return value 1)
		Usr 0 00:00:00, Sys 0 00:00:00  -  Run Remote Usage
		Usr 0 00:00:00, Sys 0 00:00:00  -  Run Local Usage
		Usr 0 00:00:00, Sys 0 00:00:00  -  Total Remote Usage
		Usr 0 00:00:00, Sys 0 00:00:00  -  Total Local Usage
	0  -  Run Bytes Sent By Job
	0  -  Run Bytes Received By Job
	0  -  Total Bytes Sent By Job
	0  -  Total Bytes Received By Job
	Partitionable Resources :    Usage  Request Allocated 
	   Cpus                 :                 1         1 
	   Disk (KB)            :       17       17      2048 
	   GPUs                 :                           0 
	   Memory (MB)          :        0       51       128 
	   TimeExecute (s)      :        0                    
	   TimeSlotBusy (s)     :        0                    
...
000 (065.000.000) 2025-07-03 22:46:56 Job submitted from host: <172.17.0.2:9618?addrs=172.17.0.2-9618&alias=f0eb0dfc26e2&noUDP&sock=schedd_18_eccb>
...
001 (065.000.000) 2025-07-03 22:47:02 Job executing on host: <172.17.0.2:9618?addrs=172.17.0.2-9618&alias=f0eb0dfc26e2&noUDP&sock=startd_18_eccb>
	SlotName: slot1_1@f0eb0dfc26e2
	CondorScratchDir = "/var/lib/condor/execute/dir_4249"
	Cpus = 1
	Disk = 2048
	GPUs = 0
	Memory = 128
...
006 (065.000.000) 2025-07-03 22:47:02 Image size of job updated: 17
	0  -  MemoryUsage of job (MB)
	0  -  ResidentSetSize of job (KB)
...
005 (065.000.000) 2025-07-03 22:47:02 Job terminated.
	(1) Normal termination (return value 1)
		Usr 0 00:00:00, Sys 0 00:00:00  -  Run Remote Usage
		Usr 0 00:00:00, Sys 0 00:00:00  -  Run Local Usage
		Usr 0 00:00:00, Sys 0 00:00:00  -  Total Remote Usage
		Usr 0 00:00:00, Sys 0 00:00:00  -  Total Local Usage
	0  -  Run Bytes Sent By Job
	0  -  Run Bytes Received By Job
	0  -  Total Bytes Sent By Job
	0  -  Total Bytes Received By Job
	Partitionable Resources :    Usage  Request Allocated 
	   Cpus                 :                 1         1 
	   Disk (KB)            :       17       17      2048 
	   GPUs                 :                           0 
	   Memory (MB)          :        0       51       128 
	   TimeExecute (s)      :        0                    
	   TimeSlotBusy (s)     :        0                    
...
000 (066.000.000) 2025-07-03 22:47:33 Job submitted from host: <172.17.0.2:9618?addrs=172.17.0.2-9618&alias=f0eb0dfc26e2&noUDP&sock=schedd_18_eccb>
...
001 (066.000.000) 2025-07-03 22:47:37 Job executing on host: <172.17.0.2:9618?addrs=172.17.0.2-9618&alias=f0eb0dfc26e2&noUDP&sock=startd_18_eccb>
	SlotName: slot1_1@f0eb0dfc26e2
	CondorScratchDir = "/var/lib/condor/execute/dir_4268"
	Cpus = 1
	Disk = 2048
	GPUs = 0
	Memory = 128
...
006 (066.000.000) 2025-07-03 22:47:37 Image size of job updated: 17
	0  -  MemoryUsage of job (MB)
	0  -  ResidentSetSize of job (KB)
...
005 (066.000.000) 2025-07-03 22:47:37 Job terminated.
	(1) Normal termination (return value 1)
		Usr 0 00:00:00, Sys 0 00:00:00  -  Run Remote Usage
		Usr 0 00:00:00, Sys 0 00:00:00  -  Run Local Usage
		Usr 0 00:00:00, Sys 0 00:00:00  -  Total Remote Usage
		Usr 0 00:00:00, Sys 0 00:00:00  -  Total Local Usage
	0  -  Run Bytes Sent By Job
	0  -  Run Bytes Received By Job
	0  -  Total Bytes Sent By Job
	0  -  Total Bytes Received By Job
	Partitionable Resources :    Usage  Request Allocated 
	   Cpus                 :                 1         1 
	   Disk (KB)            :       17       17      2048 
	   GPUs                 :                           0 
	   Memory (MB)          :        0       51       128 
	   TimeExecute (s)      :        0                    
	   TimeSlotBusy (s)     :        0                    
...
000 (067.000.000) 2025-07-03 22:47:59 Job submitted from host: <172.17.0.2:9618?addrs=172.17.0.2-9618&alias=f0eb0dfc26e2&noUDP&sock=schedd_18_eccb>
...
001 (067.000.000) 2025-07-03 22:48:02 Job executing on host: <172.17.0.2:9618?addrs=172.17.0.2-9618&alias=f0eb0dfc26e2&noUDP&sock=startd_18_eccb>
	SlotName: slot1_1@f0eb0dfc26e2
	CondorScratchDir = "/var/lib/condor/execute/dir_4283"
	Cpus = 1
	Disk = 2048
	GPUs = 0
	Memory = 128
...
006 (067.000.000) 2025-07-03 22:48:02 Image size of job updated: 17
	0  -  MemoryUsage of job (MB)
	0  -  ResidentSetSize of job (KB)
...
005 (067.000.000) 2025-07-03 22:48:02 Job terminated.
	(1) Normal termination (return value 1)
		Usr 0 00:00:00, Sys 0 00:00:00  -  Run Remote Usage
		Usr 0 00:00:00, Sys 0 00:00:00  -  Run Local Usage
		Usr 0 00:00:00, Sys 0 00:00:00  -  Total Remote Usage
		Usr 0 00:00:00, Sys 0 00:00:00  -  Total Local Usage
	0  -  Run Bytes Sent By Job
	0  -  Run Bytes Received By Job
	0  -  Total Bytes Sent By Job
	0  -  Total Bytes Received By Job
	Partitionable Resources :    Usage  Request Allocated 
	   Cpus                 :                 1         1 
	   Disk (KB)            :       17       17      2048 
	   GPUs                 :                           0 
	   Memory (MB)          :        0       51       128 
	   TimeExecute (s)      :        0                    
	   TimeSlotBusy (s)     :        0                    
...
000 (068.000.000) 2025-07-03 22:48:17 Job submitted from host: <172.17.0.2:9618?addrs=172.17.0.2-9618&alias=f0eb0dfc26e2&noUDP&sock=schedd_18_eccb>
...
001 (068.000.000) 2025-07-03 22:48:22 Job executing on host: <172.17.0.2:9618?addrs=172.17.0.2-9618&alias=f0eb0dfc26e2&noUDP&sock=startd_18_eccb>
	SlotName: slot1_1@f0eb0dfc26e2
	CondorScratchDir = "/var/lib/condor/execute/dir_4296"
	Cpus = 1
	Disk = 2048
	GPUs = 0
	Memory = 128
...
006 (068.000.000) 2025-07-03 22:48:22 Image size of job updated: 17
	0  -  MemoryUsage of job (MB)
	0  -  ResidentSetSize of job (KB)
...
005 (068.000.000) 2025-07-03 22:48:22 Job terminated.
	(1) Normal termination (return value 1)
		Usr 0 00:00:00, Sys 0 00:00:00  -  Run Remote Usage
		Usr 0 00:00:00, Sys 0 00:00:00  -  Run Local Usage
		Usr 0 00:00:00, Sys 0 00:00:00  -  Total Remote Usage
		Usr 0 00:00:00, Sys 0 00:00:00  -  Total Local Usage
	0  -  Run Bytes Sent By Job
	0  -  Run Bytes Received By Job
	0  -  Total Bytes Sent By Job
	0  -  Total Bytes Received By Job
	Partitionable Resources :    Usage  Request Allocated 
	   Cpus                 :                 1         1 
	   Disk (KB)            :       17       17      2048 
	   GPUs                 :                           0 
	   Memory (MB)          :        0       51       128 
	   TimeExecute (s)      :        0                    
	   TimeSlotBusy (s)     :        0                    
...
000 (069.000.000) 2025-07-03 22:48:52 Job submitted from host: <172.17.0.2:9618?addrs=172.17.0.2-9618&alias=f0eb0dfc26e2&noUDP&sock=schedd_18_eccb>
...
001 (069.000.000) 2025-07-03 22:48:57 Job executing on host: <172.17.0.2:9618?addrs=172.17.0.2-9618&alias=f0eb0dfc26e2&noUDP&sock=startd_18_eccb>
	SlotName: slot1_1@f0eb0dfc26e2
	CondorScratchDir = "/var/lib/condor/execute/dir_4315"
	Cpus = 1
	Disk = 2048
	GPUs = 0
	Memory = 128
...
006 (069.000.000) 2025-07-03 22:48:57 Image size of job updated: 17
	0  -  MemoryUsage of job (MB)
	0  -  ResidentSetSize of job (KB)
...
005 (069.000.000) 2025-07-03 22:48:57 Job terminated.
	(1) Normal termination (return value 0)
		Usr 0 00:00:00, Sys 0 00:00:00  -  Run Remote Usage
		Usr 0 00:00:00, Sys 0 00:00:00  -  Run Local Usage
		Usr 0 00:00:00, Sys 0 00:00:00  -  Total Remote Usage
		Usr 0 00:00:00, Sys 0 00:00:00  -  Total Local Usage
	0  -  Run Bytes Sent By Job
	0  -  Run Bytes Received By Job
	0  -  Total Bytes Sent By Job
	0  -  Total Bytes Received By Job
	Partitionable Resources :    Usage  Request Allocated 
	   Cpus                 :                 1         1 
	   Disk (KB)            :       17       17      2048 
	   GPUs                 :                           0 
	   Memory (MB)          :        0       51       128 
	   TimeExecute (s)      :        0                    
	   TimeSlotBusy (s)     :        0                    
...
000 (070.000.000) 2025-07-03 22:49:36 Job submitted from host: <172.17.0.2:9618?addrs=172.17.0.2-9618&alias=f0eb0dfc26e2&noUDP&sock=schedd_18_eccb>
...
001 (070.000.000) 2025-07-03 22:49:42 Job executing on host: <172.17.0.2:9618?addrs=172.17.0.2-9618&alias=f0eb0dfc26e2&noUDP&sock=startd_18_eccb>
	SlotName: slot1_1@f0eb0dfc26e2
	CondorScratchDir = "/var/lib/condor/execute/dir_4338"
	Cpus = 1
	Disk = 2048
	GPUs = 0
	Memory = 128
...
006 (070.000.000) 2025-07-03 22:49:42 Image size of job updated: 17
	0  -  MemoryUsage of job (MB)
	0  -  ResidentSetSize of job (KB)
...
005 (070.000.000) 2025-07-03 22:49:42 Job terminated.
	(1) Normal termination (return value 1)
		Usr 0 00:00:00, Sys 0 00:00:00  -  Run Remote Usage
		Usr 0 00:00:00, Sys 0 00:00:00  -  Run Local Usage
		Usr 0 00:00:00, Sys 0 00:00:00  -  Total Remote Usage
		Usr 0 00:00:00, Sys 0 00:00:00  -  Total Local Usage
	0  -  Run Bytes Sent By Job
	0  -  Run Bytes Received By Job
	0  -  Total Bytes Sent By Job
	0  -  Total Bytes Received By Job
	Partitionable Resources :    Usage  Request Allocated 
	   Cpus                 :                 1         1 
	   Disk (KB)            :       17       17      2048 
	   GPUs                 :                           0 
	   Memory (MB)          :        0       51       128 
	   TimeExecute (s)      :        0                    
	   TimeSlotBusy (s)     :        0                    
...
